#
# There is insufficient memory for the Java Runtime Environment to continue.
# Native memory allocation (malloc) failed to allocate 2204240 bytes. Error detail: Chunk::new
# Possible reasons:
#   The system is out of physical RAM or swap space
#   This process is running with CompressedOops enabled, and the Java Heap may be blocking the growth of the native heap
# Possible solutions:
#   Reduce memory load on the system
#   Increase physical memory or swap space
#   Check if swap backing store is full
#   Decrease Java heap size (-Xmx/-Xms)
#   Decrease number of Java threads
#   Decrease Java thread stack sizes (-Xss)
#   Set larger code cache with -XX:ReservedCodeCacheSize=
#   JVM is running with Unscaled Compressed Oops mode in which the Java heap is
#     placed in the first 4GB address space. The Java Heap base address is the
#     maximum limit for the native heap growth. Please use -XX:HeapBaseMinAddress
#     to set the Java Heap base and to place the Java Heap above 4GB virtual address.
# This output file may be truncated or incomplete.
#
#  Out of Memory Error (arena.cpp:191), pid=44464, tid=32244
#
# JRE version: OpenJDK Runtime Environment Temurin-17.0.19+10 (17.0.19+10) (build 17.0.19+10)
# Java VM: OpenJDK 64-Bit Server VM Temurin-17.0.19+10 (17.0.19+10, mixed mode, sharing, tiered, compressed oops, compressed class ptrs, g1 gc, windows-amd64)
# No core dump will be written. Minidumps are not enabled by default on client versions of Windows
#

---------------  S U M M A R Y ------------

Command Line: --add-opens=java.base/java.util=ALL-UNNAMED --add-opens=java.base/java.lang=ALL-UNNAMED --add-opens=java.base/java.lang.invoke=ALL-UNNAMED --add-opens=java.prefs/java.util.prefs=ALL-UNNAMED --add-opens=java.base/java.nio.charset=ALL-UNNAMED --add-opens=java.base/java.net=ALL-UNNAMED --add-opens=java.base/java.util.concurrent.atomic=ALL-UNNAMED -Xmx2048m -Dfile.encoding=UTF-8 -Duser.country=CN -Duser.language=zh -Duser.variant -javaagent:D:\DevTools\gradle-home\wrapper\dists\gradle-8.7-bin\bhs2wmbdwecv87pi65oeuq5iu\gradle-8.7\lib\agents\gradle-instrumentation-agent-8.7.jar org.gradle.launcher.daemon.bootstrap.GradleDaemon 8.7

Host: AMD Ryzen 7 6800HS Creator Edition, 16 cores, 13G,  Windows 11 , 64 bit Build 26100 (10.0.26100.8246)
Time: Sat May 16 11:06:23 2026  Windows 11 , 64 bit Build 26100 (10.0.26100.8246) elapsed time: 3.788194 seconds (0d 0h 0m 3s)

---------------  T H R E A D  ---------------

Current thread (0x0000018e52037560):  JavaThread "C2 CompilerThread0" daemon [_thread_in_native, id=32244, stack(0x0000005dcde00000,0x0000005dcdf00000)]


Current CompileTask:
C2:3788 2491   !   4       java.lang.ClassLoader::loadClass (121 bytes)

Stack: [0x0000005dcde00000,0x0000005dcdf00000]
Native frames: (J=compiled Java code, j=interpreted, Vv=VM code, C=native code)
V  [jvm.dll+0x684b29]
V  [jvm.dll+0x83a2d5]
V  [jvm.dll+0x83bd4e]
V  [jvm.dll+0x83c3d3]
V  [jvm.dll+0x24905f]
V  [jvm.dll+0xad536]
V  [jvm.dll+0xadbdc]
V  [jvm.dll+0x368d9e]
V  [jvm.dll+0x1bc4c9]
V  [jvm.dll+0x219fc0]
V  [jvm.dll+0x2192af]
V  [jvm.dll+0x1a49f0]
V  [jvm.dll+0x2299fa]
V  [jvm.dll+0x227bab]
V  [jvm.dll+0x7f0a88]
V  [jvm.dll+0x7eaf1c]
V  [jvm.dll+0x6839f7]
C  [ucrtbase.dll+0x37b0]
C  [KERNEL32.DLL+0x2e8d7]
C  [ntdll.dll+0x8c3fc]


---------------  P R O C E S S  ---------------

Threads class SMR info:
_java_thread_list=0x0000018e594432d0, length=29, elements={
0x0000018e71e9c720, 0x0000018e5200b610, 0x0000018e5200eb60, 0x0000018e52032130,
0x0000018e52032a00, 0x0000018e52033e40, 0x0000018e52035280, 0x0000018e52037560,
0x0000018e52038a90, 0x0000018e5203e6e0, 0x0000018e52155b60, 0x0000018e521585e0,
0x0000018e52158bb0, 0x0000018e52207350, 0x0000018e525d14f0, 0x0000018e57ea0df0,
0x0000018e57757ff0, 0x0000018e57e19ec0, 0x0000018e575947a0, 0x0000018e58ec78f0,
0x0000018e57c1d570, 0x0000018e57c1bc20, 0x0000018e57c1cb50, 0x0000018e57c1b200,
0x0000018e57c1da80, 0x0000018e57c1b710, 0x0000018e57c1c640, 0x0000018e57c1df90,
0x0000018e580ed100
}

Java Threads: ( => current thread )
  0x0000018e71e9c720 JavaThread "main" [_thread_blocked, id=52020, stack(0x0000005dcd100000,0x0000005dcd200000)]
  0x0000018e5200b610 JavaThread "Reference Handler" daemon [_thread_blocked, id=40144, stack(0x0000005dcd800000,0x0000005dcd900000)]
  0x0000018e5200eb60 JavaThread "Finalizer" daemon [_thread_blocked, id=6428, stack(0x0000005dcd900000,0x0000005dcda00000)]
  0x0000018e52032130 JavaThread "Signal Dispatcher" daemon [_thread_blocked, id=34916, stack(0x0000005dcda00000,0x0000005dcdb00000)]
  0x0000018e52032a00 JavaThread "Attach Listener" daemon [_thread_blocked, id=40976, stack(0x0000005dcdb00000,0x0000005dcdc00000)]
  0x0000018e52033e40 JavaThread "Service Thread" daemon [_thread_blocked, id=36112, stack(0x0000005dcdc00000,0x0000005dcdd00000)]
  0x0000018e52035280 JavaThread "Monitor Deflation Thread" daemon [_thread_blocked, id=11156, stack(0x0000005dcdd00000,0x0000005dcde00000)]
=>0x0000018e52037560 JavaThread "C2 CompilerThread0" daemon [_thread_in_native, id=32244, stack(0x0000005dcde00000,0x0000005dcdf00000)]
  0x0000018e52038a90 JavaThread "C1 CompilerThread0" daemon [_thread_blocked, id=36356, stack(0x0000005dcdf00000,0x0000005dce000000)]
  0x0000018e5203e6e0 JavaThread "Sweeper thread" daemon [_thread_blocked, id=42824, stack(0x0000005dce000000,0x0000005dce100000)]
  0x0000018e52155b60 JavaThread "Common-Cleaner" daemon [_thread_blocked, id=12580, stack(0x0000005dce100000,0x0000005dce200000)]
  0x0000018e521585e0 JavaThread "C1 CompilerThread1" daemon [_thread_blocked, id=33524, stack(0x0000005dce200000,0x0000005dce300000)]
  0x0000018e52158bb0 JavaThread "C1 CompilerThread2" daemon [_thread_blocked, id=51308, stack(0x0000005dce300000,0x0000005dce400000)]
  0x0000018e52207350 JavaThread "Notification Thread" daemon [_thread_blocked, id=25804, stack(0x0000005dce500000,0x0000005dce600000)]
  0x0000018e525d14f0 JavaThread "C1 CompilerThread3" daemon [_thread_blocked, id=32408, stack(0x0000005dcec00000,0x0000005dced00000)]
  0x0000018e57ea0df0 JavaThread "Daemon health stats" [_thread_blocked, id=52708, stack(0x0000005dced00000,0x0000005dcee00000)]
  0x0000018e57757ff0 JavaThread "Incoming local TCP Connector on port 59355" [_thread_in_native, id=14864, stack(0x0000005dce400000,0x0000005dce500000)]
  0x0000018e57e19ec0 JavaThread "Daemon periodic checks" [_thread_blocked, id=36764, stack(0x0000005dcee00000,0x0000005dcef00000)]
  0x0000018e575947a0 JavaThread "Daemon" [_thread_blocked, id=23856, stack(0x0000005dcef00000,0x0000005dcf000000)]
  0x0000018e58ec78f0 JavaThread "Handler for socket connection from /127.0.0.1:59355 to /127.0.0.1:59356" [_thread_in_native, id=14636, stack(0x0000005dcf000000,0x0000005dcf100000)]
  0x0000018e57c1d570 JavaThread "Cancel handler" [_thread_blocked, id=54360, stack(0x0000005dcf100000,0x0000005dcf200000)]
  0x0000018e57c1bc20 JavaThread "Daemon worker" [_thread_in_native, id=30192, stack(0x0000005dcf200000,0x0000005dcf300000)]
  0x0000018e57c1cb50 JavaThread "Asynchronous log dispatcher for DefaultDaemonConnection: socket connection from /127.0.0.1:59355 to /127.0.0.1:59356" [_thread_blocked, id=27444, stack(0x0000005dcf300000,0x0000005dcf400000)]
  0x0000018e57c1b200 JavaThread "Stdin handler" [_thread_blocked, id=16012, stack(0x0000005dcf400000,0x0000005dcf500000)]
  0x0000018e57c1da80 JavaThread "Daemon client event forwarder" [_thread_blocked, id=53500, stack(0x0000005dcf500000,0x0000005dcf600000)]
  0x0000018e57c1b710 JavaThread "Cache worker for journal cache (D:\DevTools\gradle-home\caches\journal-1)" [_thread_blocked, id=25940, stack(0x0000005dcf600000,0x0000005dcf700000)]
  0x0000018e57c1c640 JavaThread "File lock request listener" [_thread_in_native, id=34104, stack(0x0000005dcf700000,0x0000005dcf800000)]
  0x0000018e57c1df90 JavaThread "Cache worker for file hash cache (D:\DevTools\gradle-home\caches\8.7\fileHashes)" [_thread_blocked, id=17140, stack(0x0000005dcf800000,0x0000005dcf900000)]
  0x0000018e580ed100 JavaThread "C2 CompilerThread1" daemon [_thread_in_native, id=28712, stack(0x0000005dce700000,0x0000005dce800000)]

Other Threads:
  0x0000018e52006ab0 VMThread "VM Thread" [stack: 0x0000005dcd700000,0x0000005dcd800000] [id=14104]
  0x0000018e5223e9f0 WatcherThread [stack: 0x0000005dce600000,0x0000005dce700000] [id=41252]
  0x0000018e71efb610 GCTaskThread "GC Thread#0" [stack: 0x0000005dcd200000,0x0000005dcd300000] [id=164]
  0x0000018e57372040 GCTaskThread "GC Thread#1" [stack: 0x0000005dce800000,0x0000005dce900000] [id=13300]
  0x0000018e525a6e80 GCTaskThread "GC Thread#2" [stack: 0x0000005dce900000,0x0000005dcea00000] [id=19496]
  0x0000018e525a7140 GCTaskThread "GC Thread#3" [stack: 0x0000005dcea00000,0x0000005dceb00000] [id=56128]
  0x0000018e572dceb0 GCTaskThread "GC Thread#4" [stack: 0x0000005dceb00000,0x0000005dcec00000] [id=16912]
  0x0000018e71f0c470 ConcurrentGCThread "G1 Main Marker" [stack: 0x0000005dcd300000,0x0000005dcd400000] [id=4100]
  0x0000018e71f0da70 ConcurrentGCThread "G1 Conc#0" [stack: 0x0000005dcd400000,0x0000005dcd500000] [id=50480]
  0x0000018e71f4dd20 ConcurrentGCThread "G1 Refine#0" [stack: 0x0000005dcd500000,0x0000005dcd600000] [id=23304]
  0x0000018e71f4e500 ConcurrentGCThread "G1 Service" [stack: 0x0000005dcd600000,0x0000005dcd700000] [id=39196]

Threads with active compile tasks:
C2 CompilerThread0  3803 2491   !   4       java.lang.ClassLoader::loadClass (121 bytes)
C2 CompilerThread1  3804 2612   !   4       java.net.URLClassLoader::findClass (47 bytes)

VM state: not at safepoint (normal execution)

VM Mutex/Monitor currently owned by a thread: None

Heap address: 0x0000000080000000, size: 2048 MB, Compressed Oops mode: 32-bit

CDS archive(s) mapped at: [0x0000018e11000000-0x0000018e11bb0000-0x0000018e11bb0000), size 12255232, SharedBaseAddress: 0x0000018e11000000, ArchiveRelocationMode: 1.
Compressed class space mapped at: 0x0000018e12000000-0x0000018e52000000, reserved size: 1073741824
Narrow klass base: 0x0000018e11000000, Narrow klass shift: 0, Narrow klass range: 0x100000000

GC Precious Log:
 CPUs: 16 total, 16 available
 Memory: 14020M
 Large Page Support: Disabled
 NUMA Support: Disabled
 Compressed Oops: Enabled (32-bit)
 Heap Region Size: 1M
 Heap Min Capacity: 8M
 Heap Initial Capacity: 220M
 Heap Max Capacity: 2G
 Pre-touch: Disabled
 Parallel Workers: 13
 Concurrent Workers: 3
 Concurrent Refinement Workers: 13
 Periodic GC: Disabled

Heap:
 garbage-first heap   total 225280K, used 115015K [0x0000000080000000, 0x0000000100000000)
  region size 1024K, 102 young (104448K), 1 survivors (1024K)
 Metaspace       used 18895K, committed 19200K, reserved 1114112K
  class space    used 2722K, committed 2880K, reserved 1048576K

Heap Regions: E=young(eden), S=young(survivor), O=old, HS=humongous(starts), HC=humongous(continues), CS=collection set, F=free, OA=open archive, CA=closed archive, TAMS=top-at-mark-start (previous, next)
|   0|0x0000000080000000, 0x0000000080100000, 0x0000000080100000|100%|HS|  |TAMS 0x0000000080000000, 0x0000000080000000| Complete 
|   1|0x0000000080100000, 0x0000000080200000, 0x0000000080200000|100%|HC|  |TAMS 0x0000000080100000, 0x0000000080100000| Complete 
|   2|0x0000000080200000, 0x0000000080300000, 0x0000000080300000|100%|HC|  |TAMS 0x0000000080200000, 0x0000000080200000| Complete 
|   3|0x0000000080300000, 0x0000000080400000, 0x0000000080400000|100%|HC|  |TAMS 0x0000000080300000, 0x0000000080300000| Complete 
|   4|0x0000000080400000, 0x0000000080500000, 0x0000000080500000|100%| O|  |TAMS 0x0000000080400000, 0x0000000080400000| Untracked 
|   5|0x0000000080500000, 0x0000000080600000, 0x0000000080600000|100%| O|  |TAMS 0x0000000080500000, 0x0000000080500000| Untracked 
|   6|0x0000000080600000, 0x0000000080700000, 0x0000000080700000|100%| O|  |TAMS 0x0000000080600000, 0x0000000080600000| Untracked 
|   7|0x0000000080700000, 0x0000000080800000, 0x0000000080800000|100%| O|  |TAMS 0x0000000080700000, 0x0000000080700000| Untracked 
|   8|0x0000000080800000, 0x0000000080900000, 0x0000000080900000|100%| O|  |TAMS 0x0000000080800000, 0x0000000080800000| Untracked 
|   9|0x0000000080900000, 0x0000000080a00000, 0x0000000080a00000|100%| O|  |TAMS 0x0000000080900000, 0x0000000080900000| Untracked 
|  10|0x0000000080a00000, 0x0000000080a67c00, 0x0000000080b00000| 40%| O|  |TAMS 0x0000000080a00000, 0x0000000080a00000| Untracked 
|  11|0x0000000080b00000, 0x0000000080c00000, 0x0000000080c00000|100%|HS|  |TAMS 0x0000000080b00000, 0x0000000080b00000| Complete 
|  12|0x0000000080c00000, 0x0000000080c00000, 0x0000000080d00000|  0%| F|  |TAMS 0x0000000080c00000, 0x0000000080c00000| Untracked 
|  13|0x0000000080d00000, 0x0000000080d00000, 0x0000000080e00000|  0%| F|  |TAMS 0x0000000080d00000, 0x0000000080d00000| Untracked 
|  14|0x0000000080e00000, 0x0000000080e00000, 0x0000000080f00000|  0%| F|  |TAMS 0x0000000080e00000, 0x0000000080e00000| Untracked 
|  15|0x0000000080f00000, 0x0000000080f00000, 0x0000000081000000|  0%| F|  |TAMS 0x0000000080f00000, 0x0000000080f00000| Untracked 
|  16|0x0000000081000000, 0x0000000081000000, 0x0000000081100000|  0%| F|  |TAMS 0x0000000081000000, 0x0000000081000000| Untracked 
|  17|0x0000000081100000, 0x0000000081100000, 0x0000000081200000|  0%| F|  |TAMS 0x0000000081100000, 0x0000000081100000| Untracked 
|  18|0x0000000081200000, 0x0000000081200000, 0x0000000081300000|  0%| F|  |TAMS 0x0000000081200000, 0x0000000081200000| Untracked 
|  19|0x0000000081300000, 0x0000000081300000, 0x0000000081400000|  0%| F|  |TAMS 0x0000000081300000, 0x0000000081300000| Untracked 
|  20|0x0000000081400000, 0x0000000081400000, 0x0000000081500000|  0%| F|  |TAMS 0x0000000081400000, 0x0000000081400000| Untracked 
|  21|0x0000000081500000, 0x0000000081500000, 0x0000000081600000|  0%| F|  |TAMS 0x0000000081500000, 0x0000000081500000| Untracked 
|  22|0x0000000081600000, 0x0000000081600000, 0x0000000081700000|  0%| F|  |TAMS 0x0000000081600000, 0x0000000081600000| Untracked 
|  23|0x0000000081700000, 0x0000000081700000, 0x0000000081800000|  0%| F|  |TAMS 0x0000000081700000, 0x0000000081700000| Untracked 
|  24|0x0000000081800000, 0x0000000081800000, 0x0000000081900000|  0%| F|  |TAMS 0x0000000081800000, 0x0000000081800000| Untracked 
|  25|0x0000000081900000, 0x0000000081900000, 0x0000000081a00000|  0%| F|  |TAMS 0x0000000081900000, 0x0000000081900000| Untracked 
|  26|0x0000000081a00000, 0x0000000081a00000, 0x0000000081b00000|  0%| F|  |TAMS 0x0000000081a00000, 0x0000000081a00000| Untracked 
|  27|0x0000000081b00000, 0x0000000081b00000, 0x0000000081c00000|  0%| F|  |TAMS 0x0000000081b00000, 0x0000000081b00000| Untracked 
|  28|0x0000000081c00000, 0x0000000081c00000, 0x0000000081d00000|  0%| F|  |TAMS 0x0000000081c00000, 0x0000000081c00000| Untracked 
|  29|0x0000000081d00000, 0x0000000081d00000, 0x0000000081e00000|  0%| F|  |TAMS 0x0000000081d00000, 0x0000000081d00000| Untracked 
|  30|0x0000000081e00000, 0x0000000081e00000, 0x0000000081f00000|  0%| F|  |TAMS 0x0000000081e00000, 0x0000000081e00000| Untracked 
|  31|0x0000000081f00000, 0x0000000081f00000, 0x0000000082000000|  0%| F|  |TAMS 0x0000000081f00000, 0x0000000081f00000| Untracked 
|  32|0x0000000082000000, 0x0000000082000000, 0x0000000082100000|  0%| F|  |TAMS 0x0000000082000000, 0x0000000082000000| Untracked 
|  33|0x0000000082100000, 0x0000000082100000, 0x0000000082200000|  0%| F|  |TAMS 0x0000000082100000, 0x0000000082100000| Untracked 
|  34|0x0000000082200000, 0x0000000082200000, 0x0000000082300000|  0%| F|  |TAMS 0x0000000082200000, 0x0000000082200000| Untracked 
|  35|0x0000000082300000, 0x0000000082300000, 0x0000000082400000|  0%| F|  |TAMS 0x0000000082300000, 0x0000000082300000| Untracked 
|  36|0x0000000082400000, 0x0000000082400000, 0x0000000082500000|  0%| F|  |TAMS 0x0000000082400000, 0x0000000082400000| Untracked 
|  37|0x0000000082500000, 0x0000000082500000, 0x0000000082600000|  0%| F|  |TAMS 0x0000000082500000, 0x0000000082500000| Untracked 
|  38|0x0000000082600000, 0x0000000082600000, 0x0000000082700000|  0%| F|  |TAMS 0x0000000082600000, 0x0000000082600000| Untracked 
|  39|0x0000000082700000, 0x0000000082700000, 0x0000000082800000|  0%| F|  |TAMS 0x0000000082700000, 0x0000000082700000| Untracked 
|  40|0x0000000082800000, 0x0000000082800000, 0x0000000082900000|  0%| F|  |TAMS 0x0000000082800000, 0x0000000082800000| Untracked 
|  41|0x0000000082900000, 0x0000000082900000, 0x0000000082a00000|  0%| F|  |TAMS 0x0000000082900000, 0x0000000082900000| Untracked 
|  42|0x0000000082a00000, 0x0000000082a00000, 0x0000000082b00000|  0%| F|  |TAMS 0x0000000082a00000, 0x0000000082a00000| Untracked 
|  43|0x0000000082b00000, 0x0000000082b00000, 0x0000000082c00000|  0%| F|  |TAMS 0x0000000082b00000, 0x0000000082b00000| Untracked 
|  44|0x0000000082c00000, 0x0000000082c00000, 0x0000000082d00000|  0%| F|  |TAMS 0x0000000082c00000, 0x0000000082c00000| Untracked 
|  45|0x0000000082d00000, 0x0000000082d00000, 0x0000000082e00000|  0%| F|  |TAMS 0x0000000082d00000, 0x0000000082d00000| Untracked 
|  46|0x0000000082e00000, 0x0000000082e00000, 0x0000000082f00000|  0%| F|  |TAMS 0x0000000082e00000, 0x0000000082e00000| Untracked 
|  47|0x0000000082f00000, 0x0000000082f00000, 0x0000000083000000|  0%| F|  |TAMS 0x0000000082f00000, 0x0000000082f00000| Untracked 
|  48|0x0000000083000000, 0x0000000083000000, 0x0000000083100000|  0%| F|  |TAMS 0x0000000083000000, 0x0000000083000000| Untracked 
|  49|0x0000000083100000, 0x0000000083100000, 0x0000000083200000|  0%| F|  |TAMS 0x0000000083100000, 0x0000000083100000| Untracked 
|  50|0x0000000083200000, 0x0000000083200000, 0x0000000083300000|  0%| F|  |TAMS 0x0000000083200000, 0x0000000083200000| Untracked 
|  51|0x0000000083300000, 0x0000000083300000, 0x0000000083400000|  0%| F|  |TAMS 0x0000000083300000, 0x0000000083300000| Untracked 
|  52|0x0000000083400000, 0x0000000083400000, 0x0000000083500000|  0%| F|  |TAMS 0x0000000083400000, 0x0000000083400000| Untracked 
|  53|0x0000000083500000, 0x0000000083500000, 0x0000000083600000|  0%| F|  |TAMS 0x0000000083500000, 0x0000000083500000| Untracked 
|  54|0x0000000083600000, 0x0000000083600000, 0x0000000083700000|  0%| F|  |TAMS 0x0000000083600000, 0x0000000083600000| Untracked 
|  55|0x0000000083700000, 0x0000000083700000, 0x0000000083800000|  0%| F|  |TAMS 0x0000000083700000, 0x0000000083700000| Untracked 
|  56|0x0000000083800000, 0x0000000083800000, 0x0000000083900000|  0%| F|  |TAMS 0x0000000083800000, 0x0000000083800000| Untracked 
|  57|0x0000000083900000, 0x0000000083900000, 0x0000000083a00000|  0%| F|  |TAMS 0x0000000083900000, 0x0000000083900000| Untracked 
|  58|0x0000000083a00000, 0x0000000083a00000, 0x0000000083b00000|  0%| F|  |TAMS 0x0000000083a00000, 0x0000000083a00000| Untracked 
|  59|0x0000000083b00000, 0x0000000083b00000, 0x0000000083c00000|  0%| F|  |TAMS 0x0000000083b00000, 0x0000000083b00000| Untracked 
|  60|0x0000000083c00000, 0x0000000083c00000, 0x0000000083d00000|  0%| F|  |TAMS 0x0000000083c00000, 0x0000000083c00000| Untracked 
|  61|0x0000000083d00000, 0x0000000083d00000, 0x0000000083e00000|  0%| F|  |TAMS 0x0000000083d00000, 0x0000000083d00000| Untracked 
|  62|0x0000000083e00000, 0x0000000083e00000, 0x0000000083f00000|  0%| F|  |TAMS 0x0000000083e00000, 0x0000000083e00000| Untracked 
|  63|0x0000000083f00000, 0x0000000083f00000, 0x0000000084000000|  0%| F|  |TAMS 0x0000000083f00000, 0x0000000083f00000| Untracked 
|  64|0x0000000084000000, 0x0000000084000000, 0x0000000084100000|  0%| F|  |TAMS 0x0000000084000000, 0x0000000084000000| Untracked 
|  65|0x0000000084100000, 0x0000000084100000, 0x0000000084200000|  0%| F|  |TAMS 0x0000000084100000, 0x0000000084100000| Untracked 
|  66|0x0000000084200000, 0x0000000084200000, 0x0000000084300000|  0%| F|  |TAMS 0x0000000084200000, 0x0000000084200000| Untracked 
|  67|0x0000000084300000, 0x0000000084300000, 0x0000000084400000|  0%| F|  |TAMS 0x0000000084300000, 0x0000000084300000| Untracked 
|  68|0x0000000084400000, 0x0000000084400000, 0x0000000084500000|  0%| F|  |TAMS 0x0000000084400000, 0x0000000084400000| Untracked 
|  69|0x0000000084500000, 0x0000000084500000, 0x0000000084600000|  0%| F|  |TAMS 0x0000000084500000, 0x0000000084500000| Untracked 
|  70|0x0000000084600000, 0x0000000084600000, 0x0000000084700000|  0%| F|  |TAMS 0x0000000084600000, 0x0000000084600000| Untracked 
|  71|0x0000000084700000, 0x0000000084700000, 0x0000000084800000|  0%| F|  |TAMS 0x0000000084700000, 0x0000000084700000| Untracked 
|  72|0x0000000084800000, 0x0000000084800000, 0x0000000084900000|  0%| F|  |TAMS 0x0000000084800000, 0x0000000084800000| Untracked 
|  73|0x0000000084900000, 0x0000000084900000, 0x0000000084a00000|  0%| F|  |TAMS 0x0000000084900000, 0x0000000084900000| Untracked 
|  74|0x0000000084a00000, 0x0000000084a00000, 0x0000000084b00000|  0%| F|  |TAMS 0x0000000084a00000, 0x0000000084a00000| Untracked 
|  75|0x0000000084b00000, 0x0000000084b00000, 0x0000000084c00000|  0%| F|  |TAMS 0x0000000084b00000, 0x0000000084b00000| Untracked 
|  76|0x0000000084c00000, 0x0000000084c00000, 0x0000000084d00000|  0%| F|  |TAMS 0x0000000084c00000, 0x0000000084c00000| Untracked 
|  77|0x0000000084d00000, 0x0000000084d00000, 0x0000000084e00000|  0%| F|  |TAMS 0x0000000084d00000, 0x0000000084d00000| Untracked 
|  78|0x0000000084e00000, 0x0000000084e00000, 0x0000000084f00000|  0%| F|  |TAMS 0x0000000084e00000, 0x0000000084e00000| Untracked 
|  79|0x0000000084f00000, 0x0000000084f00000, 0x0000000085000000|  0%| F|  |TAMS 0x0000000084f00000, 0x0000000084f00000| Untracked 
|  80|0x0000000085000000, 0x0000000085000000, 0x0000000085100000|  0%| F|  |TAMS 0x0000000085000000, 0x0000000085000000| Untracked 
|  81|0x0000000085100000, 0x0000000085100000, 0x0000000085200000|  0%| F|  |TAMS 0x0000000085100000, 0x0000000085100000| Untracked 
|  82|0x0000000085200000, 0x0000000085200000, 0x0000000085300000|  0%| F|  |TAMS 0x0000000085200000, 0x0000000085200000| Untracked 
|  83|0x0000000085300000, 0x0000000085300000, 0x0000000085400000|  0%| F|  |TAMS 0x0000000085300000, 0x0000000085300000| Untracked 
|  84|0x0000000085400000, 0x0000000085400000, 0x0000000085500000|  0%| F|  |TAMS 0x0000000085400000, 0x0000000085400000| Untracked 
|  85|0x0000000085500000, 0x0000000085500000, 0x0000000085600000|  0%| F|  |TAMS 0x0000000085500000, 0x0000000085500000| Untracked 
|  86|0x0000000085600000, 0x0000000085600000, 0x0000000085700000|  0%| F|  |TAMS 0x0000000085600000, 0x0000000085600000| Untracked 
|  87|0x0000000085700000, 0x0000000085700000, 0x0000000085800000|  0%| F|  |TAMS 0x0000000085700000, 0x0000000085700000| Untracked 
|  88|0x0000000085800000, 0x0000000085800000, 0x0000000085900000|  0%| F|  |TAMS 0x0000000085800000, 0x0000000085800000| Untracked 
|  89|0x0000000085900000, 0x0000000085900000, 0x0000000085a00000|  0%| F|  |TAMS 0x0000000085900000, 0x0000000085900000| Untracked 
|  90|0x0000000085a00000, 0x0000000085a00000, 0x0000000085b00000|  0%| F|  |TAMS 0x0000000085a00000, 0x0000000085a00000| Untracked 
|  91|0x0000000085b00000, 0x0000000085b00000, 0x0000000085c00000|  0%| F|  |TAMS 0x0000000085b00000, 0x0000000085b00000| Untracked 
|  92|0x0000000085c00000, 0x0000000085c00000, 0x0000000085d00000|  0%| F|  |TAMS 0x0000000085c00000, 0x0000000085c00000| Untracked 
|  93|0x0000000085d00000, 0x0000000085d00000, 0x0000000085e00000|  0%| F|  |TAMS 0x0000000085d00000, 0x0000000085d00000| Untracked 
|  94|0x0000000085e00000, 0x0000000085e00000, 0x0000000085f00000|  0%| F|  |TAMS 0x0000000085e00000, 0x0000000085e00000| Untracked 
|  95|0x0000000085f00000, 0x0000000085f00000, 0x0000000086000000|  0%| F|  |TAMS 0x0000000085f00000, 0x0000000085f00000| Untracked 
|  96|0x0000000086000000, 0x0000000086000000, 0x0000000086100000|  0%| F|  |TAMS 0x0000000086000000, 0x0000000086000000| Untracked 
|  97|0x0000000086100000, 0x0000000086100000, 0x0000000086200000|  0%| F|  |TAMS 0x0000000086100000, 0x0000000086100000| Untracked 
|  98|0x0000000086200000, 0x0000000086200000, 0x0000000086300000|  0%| F|  |TAMS 0x0000000086200000, 0x0000000086200000| Untracked 
|  99|0x0000000086300000, 0x0000000086300000, 0x0000000086400000|  0%| F|  |TAMS 0x0000000086300000, 0x0000000086300000| Untracked 
| 100|0x0000000086400000, 0x0000000086400000, 0x0000000086500000|  0%| F|  |TAMS 0x0000000086400000, 0x0000000086400000| Untracked 
| 101|0x0000000086500000, 0x0000000086500000, 0x0000000086600000|  0%| F|  |TAMS 0x0000000086500000, 0x0000000086500000| Untracked 
| 102|0x0000000086600000, 0x0000000086600000, 0x0000000086700000|  0%| F|  |TAMS 0x0000000086600000, 0x0000000086600000| Untracked 
| 103|0x0000000086700000, 0x0000000086700000, 0x0000000086800000|  0%| F|  |TAMS 0x0000000086700000, 0x0000000086700000| Untracked 
| 104|0x0000000086800000, 0x0000000086800000, 0x0000000086900000|  0%| F|  |TAMS 0x0000000086800000, 0x0000000086800000| Untracked 
| 105|0x0000000086900000, 0x0000000086900000, 0x0000000086a00000|  0%| F|  |TAMS 0x0000000086900000, 0x0000000086900000| Untracked 
| 106|0x0000000086a00000, 0x0000000086a00000, 0x0000000086b00000|  0%| F|  |TAMS 0x0000000086a00000, 0x0000000086a00000| Untracked 
| 107|0x0000000086b00000, 0x0000000086b00000, 0x0000000086c00000|  0%| F|  |TAMS 0x0000000086b00000, 0x0000000086b00000| Untracked 
| 108|0x0000000086c00000, 0x0000000086c00000, 0x0000000086d00000|  0%| F|  |TAMS 0x0000000086c00000, 0x0000000086c00000| Untracked 
| 109|0x0000000086d00000, 0x0000000086d00000, 0x0000000086e00000|  0%| F|  |TAMS 0x0000000086d00000, 0x0000000086d00000| Untracked 
| 110|0x0000000086e00000, 0x0000000086e00000, 0x0000000086f00000|  0%| F|  |TAMS 0x0000000086e00000, 0x0000000086e00000| Untracked 
| 111|0x0000000086f00000, 0x0000000086f00000, 0x0000000087000000|  0%| F|  |TAMS 0x0000000086f00000, 0x0000000086f00000| Untracked 
| 112|0x0000000087000000, 0x0000000087000000, 0x0000000087100000|  0%| F|  |TAMS 0x0000000087000000, 0x0000000087000000| Untracked 
| 113|0x0000000087100000, 0x0000000087100000, 0x0000000087200000|  0%| F|  |TAMS 0x0000000087100000, 0x0000000087100000| Untracked 
| 114|0x0000000087200000, 0x0000000087200000, 0x0000000087300000|  0%| F|  |TAMS 0x0000000087200000, 0x0000000087200000| Untracked 
| 115|0x0000000087300000, 0x0000000087300000, 0x0000000087400000|  0%| F|  |TAMS 0x0000000087300000, 0x0000000087300000| Untracked 
| 116|0x0000000087400000, 0x0000000087400000, 0x0000000087500000|  0%| F|  |TAMS 0x0000000087400000, 0x0000000087400000| Untracked 
| 117|0x0000000087500000, 0x0000000087500000, 0x0000000087600000|  0%| F|  |TAMS 0x0000000087500000, 0x0000000087500000| Untracked 
| 118|0x0000000087600000, 0x0000000087700000, 0x0000000087700000|100%| E|  |TAMS 0x0000000087600000, 0x0000000087600000| Complete 
| 119|0x0000000087700000, 0x0000000087800000, 0x0000000087800000|100%| E|CS|TAMS 0x0000000087700000, 0x0000000087700000| Complete 
| 120|0x0000000087800000, 0x0000000087900000, 0x0000000087900000|100%| E|CS|TAMS 0x0000000087800000, 0x0000000087800000| Complete 
| 121|0x0000000087900000, 0x0000000087a00000, 0x0000000087a00000|100%| E|CS|TAMS 0x0000000087900000, 0x0000000087900000| Complete 
| 122|0x0000000087a00000, 0x0000000087b00000, 0x0000000087b00000|100%| E|CS|TAMS 0x0000000087a00000, 0x0000000087a00000| Complete 
| 123|0x0000000087b00000, 0x0000000087c00000, 0x0000000087c00000|100%| E|CS|TAMS 0x0000000087b00000, 0x0000000087b00000| Complete 
| 124|0x0000000087c00000, 0x0000000087d00000, 0x0000000087d00000|100%| E|CS|TAMS 0x0000000087c00000, 0x0000000087c00000| Complete 
| 125|0x0000000087d00000, 0x0000000087e00000, 0x0000000087e00000|100%| E|CS|TAMS 0x0000000087d00000, 0x0000000087d00000| Complete 
| 126|0x0000000087e00000, 0x0000000087f00000, 0x0000000087f00000|100%| E|CS|TAMS 0x0000000087e00000, 0x0000000087e00000| Complete 
| 127|0x0000000087f00000, 0x0000000088000000, 0x0000000088000000|100%| E|CS|TAMS 0x0000000087f00000, 0x0000000087f00000| Complete 
| 128|0x0000000088000000, 0x0000000088100000, 0x0000000088100000|100%| E|CS|TAMS 0x0000000088000000, 0x0000000088000000| Complete 
| 129|0x0000000088100000, 0x0000000088200000, 0x0000000088200000|100%| E|CS|TAMS 0x0000000088100000, 0x0000000088100000| Complete 
| 130|0x0000000088200000, 0x0000000088300000, 0x0000000088300000|100%| E|CS|TAMS 0x0000000088200000, 0x0000000088200000| Complete 
| 131|0x0000000088300000, 0x0000000088400000, 0x0000000088400000|100%| E|CS|TAMS 0x0000000088300000, 0x0000000088300000| Complete 
| 132|0x0000000088400000, 0x0000000088500000, 0x0000000088500000|100%| E|CS|TAMS 0x0000000088400000, 0x0000000088400000| Complete 
| 133|0x0000000088500000, 0x0000000088600000, 0x0000000088600000|100%| E|CS|TAMS 0x0000000088500000, 0x0000000088500000| Complete 
| 134|0x0000000088600000, 0x0000000088700000, 0x0000000088700000|100%| E|CS|TAMS 0x0000000088600000, 0x0000000088600000| Complete 
| 135|0x0000000088700000, 0x0000000088800000, 0x0000000088800000|100%| E|CS|TAMS 0x0000000088700000, 0x0000000088700000| Complete 
| 136|0x0000000088800000, 0x0000000088900000, 0x0000000088900000|100%| E|CS|TAMS 0x0000000088800000, 0x0000000088800000| Complete 
| 137|0x0000000088900000, 0x0000000088a00000, 0x0000000088a00000|100%| E|CS|TAMS 0x0000000088900000, 0x0000000088900000| Complete 
| 138|0x0000000088a00000, 0x0000000088b00000, 0x0000000088b00000|100%| E|CS|TAMS 0x0000000088a00000, 0x0000000088a00000| Complete 
| 139|0x0000000088b00000, 0x0000000088c00000, 0x0000000088c00000|100%| E|CS|TAMS 0x0000000088b00000, 0x0000000088b00000| Complete 
| 140|0x0000000088c00000, 0x0000000088d00000, 0x0000000088d00000|100%| E|CS|TAMS 0x0000000088c00000, 0x0000000088c00000| Complete 
| 141|0x0000000088d00000, 0x0000000088e00000, 0x0000000088e00000|100%| E|CS|TAMS 0x0000000088d00000, 0x0000000088d00000| Complete 
| 142|0x0000000088e00000, 0x0000000088f00000, 0x0000000088f00000|100%| E|CS|TAMS 0x0000000088e00000, 0x0000000088e00000| Complete 
| 143|0x0000000088f00000, 0x0000000089000000, 0x0000000089000000|100%| E|CS|TAMS 0x0000000088f00000, 0x0000000088f00000| Complete 
| 144|0x0000000089000000, 0x0000000089100000, 0x0000000089100000|100%| E|CS|TAMS 0x0000000089000000, 0x0000000089000000| Complete 
| 145|0x0000000089100000, 0x0000000089200000, 0x0000000089200000|100%| E|CS|TAMS 0x0000000089100000, 0x0000000089100000| Complete 
| 146|0x0000000089200000, 0x0000000089300000, 0x0000000089300000|100%| E|CS|TAMS 0x0000000089200000, 0x0000000089200000| Complete 
| 147|0x0000000089300000, 0x0000000089400000, 0x0000000089400000|100%| E|CS|TAMS 0x0000000089300000, 0x0000000089300000| Complete 
| 148|0x0000000089400000, 0x0000000089500000, 0x0000000089500000|100%| E|CS|TAMS 0x0000000089400000, 0x0000000089400000| Complete 
| 149|0x0000000089500000, 0x0000000089600000, 0x0000000089600000|100%| E|CS|TAMS 0x0000000089500000, 0x0000000089500000| Complete 
| 150|0x0000000089600000, 0x0000000089700000, 0x0000000089700000|100%| E|CS|TAMS 0x0000000089600000, 0x0000000089600000| Complete 
| 151|0x0000000089700000, 0x0000000089800000, 0x0000000089800000|100%| E|CS|TAMS 0x0000000089700000, 0x0000000089700000| Complete 
| 152|0x0000000089800000, 0x0000000089900000, 0x0000000089900000|100%| E|CS|TAMS 0x0000000089800000, 0x0000000089800000| Complete 
| 153|0x0000000089900000, 0x0000000089a00000, 0x0000000089a00000|100%| E|CS|TAMS 0x0000000089900000, 0x0000000089900000| Complete 
| 154|0x0000000089a00000, 0x0000000089b00000, 0x0000000089b00000|100%| E|CS|TAMS 0x0000000089a00000, 0x0000000089a00000| Complete 
| 155|0x0000000089b00000, 0x0000000089c00000, 0x0000000089c00000|100%| E|CS|TAMS 0x0000000089b00000, 0x0000000089b00000| Complete 
| 156|0x0000000089c00000, 0x0000000089d00000, 0x0000000089d00000|100%| E|CS|TAMS 0x0000000089c00000, 0x0000000089c00000| Complete 
| 157|0x0000000089d00000, 0x0000000089e00000, 0x0000000089e00000|100%| E|CS|TAMS 0x0000000089d00000, 0x0000000089d00000| Complete 
| 158|0x0000000089e00000, 0x0000000089f00000, 0x0000000089f00000|100%| E|CS|TAMS 0x0000000089e00000, 0x0000000089e00000| Complete 
| 159|0x0000000089f00000, 0x000000008a000000, 0x000000008a000000|100%| E|CS|TAMS 0x0000000089f00000, 0x0000000089f00000| Complete 
| 160|0x000000008a000000, 0x000000008a100000, 0x000000008a100000|100%| E|CS|TAMS 0x000000008a000000, 0x000000008a000000| Complete 
| 161|0x000000008a100000, 0x000000008a200000, 0x000000008a200000|100%| E|CS|TAMS 0x000000008a100000, 0x000000008a100000| Complete 
| 162|0x000000008a200000, 0x000000008a300000, 0x000000008a300000|100%| E|CS|TAMS 0x000000008a200000, 0x000000008a200000| Complete 
| 163|0x000000008a300000, 0x000000008a400000, 0x000000008a400000|100%| E|CS|TAMS 0x000000008a300000, 0x000000008a300000| Complete 
| 164|0x000000008a400000, 0x000000008a500000, 0x000000008a500000|100%| E|CS|TAMS 0x000000008a400000, 0x000000008a400000| Complete 
| 165|0x000000008a500000, 0x000000008a600000, 0x000000008a600000|100%| E|CS|TAMS 0x000000008a500000, 0x000000008a500000| Complete 
| 166|0x000000008a600000, 0x000000008a700000, 0x000000008a700000|100%| E|CS|TAMS 0x000000008a600000, 0x000000008a600000| Complete 
| 167|0x000000008a700000, 0x000000008a800000, 0x000000008a800000|100%| E|CS|TAMS 0x000000008a700000, 0x000000008a700000| Complete 
| 168|0x000000008a800000, 0x000000008a900000, 0x000000008a900000|100%| E|CS|TAMS 0x000000008a800000, 0x000000008a800000| Complete 
| 169|0x000000008a900000, 0x000000008aa00000, 0x000000008aa00000|100%| E|CS|TAMS 0x000000008a900000, 0x000000008a900000| Complete 
| 170|0x000000008aa00000, 0x000000008ab00000, 0x000000008ab00000|100%| E|CS|TAMS 0x000000008aa00000, 0x000000008aa00000| Complete 
| 171|0x000000008ab00000, 0x000000008ac00000, 0x000000008ac00000|100%| E|CS|TAMS 0x000000008ab00000, 0x000000008ab00000| Complete 
| 172|0x000000008ac00000, 0x000000008ad00000, 0x000000008ad00000|100%| E|CS|TAMS 0x000000008ac00000, 0x000000008ac00000| Complete 
| 173|0x000000008ad00000, 0x000000008ae00000, 0x000000008ae00000|100%| E|CS|TAMS 0x000000008ad00000, 0x000000008ad00000| Complete 
| 174|0x000000008ae00000, 0x000000008af00000, 0x000000008af00000|100%| E|CS|TAMS 0x000000008ae00000, 0x000000008ae00000| Complete 
| 175|0x000000008af00000, 0x000000008b000000, 0x000000008b000000|100%| E|CS|TAMS 0x000000008af00000, 0x000000008af00000| Complete 
| 176|0x000000008b000000, 0x000000008b100000, 0x000000008b100000|100%| E|CS|TAMS 0x000000008b000000, 0x000000008b000000| Complete 
| 177|0x000000008b100000, 0x000000008b200000, 0x000000008b200000|100%| E|CS|TAMS 0x000000008b100000, 0x000000008b100000| Complete 
| 178|0x000000008b200000, 0x000000008b300000, 0x000000008b300000|100%| E|CS|TAMS 0x000000008b200000, 0x000000008b200000| Complete 
| 179|0x000000008b300000, 0x000000008b400000, 0x000000008b400000|100%| E|CS|TAMS 0x000000008b300000, 0x000000008b300000| Complete 
| 180|0x000000008b400000, 0x000000008b500000, 0x000000008b500000|100%| E|CS|TAMS 0x000000008b400000, 0x000000008b400000| Complete 
| 181|0x000000008b500000, 0x000000008b600000, 0x000000008b600000|100%| E|CS|TAMS 0x000000008b500000, 0x000000008b500000| Complete 
| 182|0x000000008b600000, 0x000000008b700000, 0x000000008b700000|100%| E|CS|TAMS 0x000000008b600000, 0x000000008b600000| Complete 
| 183|0x000000008b700000, 0x000000008b800000, 0x000000008b800000|100%| E|CS|TAMS 0x000000008b700000, 0x000000008b700000| Complete 
| 184|0x000000008b800000, 0x000000008b900000, 0x000000008b900000|100%| E|CS|TAMS 0x000000008b800000, 0x000000008b800000| Complete 
| 185|0x000000008b900000, 0x000000008ba00000, 0x000000008ba00000|100%| E|CS|TAMS 0x000000008b900000, 0x000000008b900000| Complete 
| 186|0x000000008ba00000, 0x000000008bb00000, 0x000000008bb00000|100%| E|CS|TAMS 0x000000008ba00000, 0x000000008ba00000| Complete 
| 187|0x000000008bb00000, 0x000000008bc00000, 0x000000008bc00000|100%| E|CS|TAMS 0x000000008bb00000, 0x000000008bb00000| Complete 
| 188|0x000000008bc00000, 0x000000008bd00000, 0x000000008bd00000|100%| E|CS|TAMS 0x000000008bc00000, 0x000000008bc00000| Complete 
| 189|0x000000008bd00000, 0x000000008be00000, 0x000000008be00000|100%| E|CS|TAMS 0x000000008bd00000, 0x000000008bd00000| Complete 
| 190|0x000000008be00000, 0x000000008beea2e8, 0x000000008bf00000| 91%| S|CS|TAMS 0x000000008be00000, 0x000000008be00000| Complete 
| 191|0x000000008bf00000, 0x000000008c000000, 0x000000008c000000|100%| E|CS|TAMS 0x000000008bf00000, 0x000000008bf00000| Complete 
| 192|0x000000008c000000, 0x000000008c100000, 0x000000008c100000|100%| E|CS|TAMS 0x000000008c000000, 0x000000008c000000| Complete 
| 193|0x000000008c100000, 0x000000008c200000, 0x000000008c200000|100%| E|CS|TAMS 0x000000008c100000, 0x000000008c100000| Complete 
| 194|0x000000008c200000, 0x000000008c300000, 0x000000008c300000|100%| E|CS|TAMS 0x000000008c200000, 0x000000008c200000| Complete 
| 195|0x000000008c300000, 0x000000008c400000, 0x000000008c400000|100%| E|CS|TAMS 0x000000008c300000, 0x000000008c300000| Complete 
| 196|0x000000008c400000, 0x000000008c500000, 0x000000008c500000|100%| E|CS|TAMS 0x000000008c400000, 0x000000008c400000| Complete 
| 197|0x000000008c500000, 0x000000008c600000, 0x000000008c600000|100%| E|CS|TAMS 0x000000008c500000, 0x000000008c500000| Complete 
| 198|0x000000008c600000, 0x000000008c700000, 0x000000008c700000|100%| E|CS|TAMS 0x000000008c600000, 0x000000008c600000| Complete 
| 199|0x000000008c700000, 0x000000008c800000, 0x000000008c800000|100%| E|CS|TAMS 0x000000008c700000, 0x000000008c700000| Complete 
| 200|0x000000008c800000, 0x000000008c900000, 0x000000008c900000|100%| E|CS|TAMS 0x000000008c800000, 0x000000008c800000| Complete 
| 201|0x000000008c900000, 0x000000008ca00000, 0x000000008ca00000|100%| E|CS|TAMS 0x000000008c900000, 0x000000008c900000| Complete 
| 202|0x000000008ca00000, 0x000000008cb00000, 0x000000008cb00000|100%| E|CS|TAMS 0x000000008ca00000, 0x000000008ca00000| Complete 
| 203|0x000000008cb00000, 0x000000008cc00000, 0x000000008cc00000|100%| E|CS|TAMS 0x000000008cb00000, 0x000000008cb00000| Complete 
| 204|0x000000008cc00000, 0x000000008cd00000, 0x000000008cd00000|100%| E|CS|TAMS 0x000000008cc00000, 0x000000008cc00000| Complete 
| 205|0x000000008cd00000, 0x000000008ce00000, 0x000000008ce00000|100%| E|CS|TAMS 0x000000008cd00000, 0x000000008cd00000| Complete 
| 206|0x000000008ce00000, 0x000000008cf00000, 0x000000008cf00000|100%| E|CS|TAMS 0x000000008ce00000, 0x000000008ce00000| Complete 
| 207|0x000000008cf00000, 0x000000008d000000, 0x000000008d000000|100%| E|CS|TAMS 0x000000008cf00000, 0x000000008cf00000| Complete 
| 208|0x000000008d000000, 0x000000008d100000, 0x000000008d100000|100%| E|CS|TAMS 0x000000008d000000, 0x000000008d000000| Complete 
| 209|0x000000008d100000, 0x000000008d200000, 0x000000008d200000|100%| E|CS|TAMS 0x000000008d100000, 0x000000008d100000| Complete 
| 210|0x000000008d200000, 0x000000008d300000, 0x000000008d300000|100%| E|CS|TAMS 0x000000008d200000, 0x000000008d200000| Complete 
| 211|0x000000008d300000, 0x000000008d400000, 0x000000008d400000|100%| E|CS|TAMS 0x000000008d300000, 0x000000008d300000| Complete 
| 212|0x000000008d400000, 0x000000008d500000, 0x000000008d500000|100%| E|CS|TAMS 0x000000008d400000, 0x000000008d400000| Complete 
| 213|0x000000008d500000, 0x000000008d600000, 0x000000008d600000|100%| E|CS|TAMS 0x000000008d500000, 0x000000008d500000| Complete 
| 214|0x000000008d600000, 0x000000008d700000, 0x000000008d700000|100%| E|CS|TAMS 0x000000008d600000, 0x000000008d600000| Complete 
| 215|0x000000008d700000, 0x000000008d800000, 0x000000008d800000|100%| E|CS|TAMS 0x000000008d700000, 0x000000008d700000| Complete 
| 216|0x000000008d800000, 0x000000008d900000, 0x000000008d900000|100%| E|CS|TAMS 0x000000008d800000, 0x000000008d800000| Complete 
| 217|0x000000008d900000, 0x000000008da00000, 0x000000008da00000|100%| E|CS|TAMS 0x000000008d900000, 0x000000008d900000| Complete 
| 218|0x000000008da00000, 0x000000008db00000, 0x000000008db00000|100%| E|CS|TAMS 0x000000008da00000, 0x000000008da00000| Complete 
| 219|0x000000008db00000, 0x000000008dc00000, 0x000000008dc00000|100%| E|CS|TAMS 0x000000008db00000, 0x000000008db00000| Complete 

Card table byte_map: [0x0000018e7a6b0000,0x0000018e7aab0000] _byte_map_base: 0x0000018e7a2b0000

Marking Bits (Prev, Next): (CMBitMap*) 0x0000018e71efbb40, (CMBitMap*) 0x0000018e71efbb80
 Prev Bits: [0x0000018e7aeb0000, 0x0000018e7ceb0000)
 Next Bits: [0x0000018e7ceb0000, 0x0000018e7eeb0000)

Polling page: 0x0000018e6fde0000

Metaspace:

Usage:
  Non-class:     15.82 MB used.
      Class:      2.66 MB used.
       Both:     18.49 MB used.

Virtual space:
  Non-class space:       64.00 MB reserved,      16.00 MB ( 25%) committed,  1 nodes.
      Class space:        1.00 GB reserved,       2.81 MB ( <1%) committed,  1 nodes.
             Both:        1.06 GB reserved,      18.81 MB (  2%) committed. 

Chunk freelists:
   Non-Class:  15.98 MB
       Class:  13.23 MB
        Both:  29.21 MB

MaxMetaspaceSize: unlimited
CompressedClassSpaceSize: 1.00 GB
Initial GC threshold: 21.00 MB
Current GC threshold: 21.00 MB
CDS: on
MetaspaceReclaimPolicy: balanced
 - commit_granule_bytes: 65536.
 - commit_granule_words: 8192.
 - virtual_space_node_default_size: 8388608.
 - enlarge_chunks_in_place: 1.
 - new_chunks_are_fully_committed: 0.
 - uncommit_free_chunks: 1.
 - use_allocation_guard: 0.
 - handle_deallocations: 1.


Internal statistics:

num_allocs_failed_limit: 0.
num_arena_births: 244.
num_arena_deaths: 0.
num_vsnodes_births: 2.
num_vsnodes_deaths: 0.
num_space_committed: 301.
num_space_uncommitted: 0.
num_chunks_returned_to_freelist: 0.
num_chunks_taken_from_freelist: 909.
num_chunk_merges: 0.
num_chunk_splits: 583.
num_chunks_enlarged: 401.
num_inconsistent_stats: 0.

CodeHeap 'non-profiled nmethods': size=119168Kb used=1314Kb max_used=1314Kb free=117853Kb
 bounds [0x0000018e07ba0000, 0x0000018e07e10000, 0x0000018e0f000000]
CodeHeap 'profiled nmethods': size=119104Kb used=5456Kb max_used=5456Kb free=113647Kb
 bounds [0x0000018e00000000, 0x0000018e00560000, 0x0000018e07450000]
CodeHeap 'non-nmethods': size=7488Kb used=2928Kb max_used=2959Kb free=4559Kb
 bounds [0x0000018e07450000, 0x0000018e07740000, 0x0000018e07ba0000]
 total_blobs=3195 nmethods=2646 adapters=458
 compilation: enabled
              stopped_count=0, restarted_count=0
 full_count=0

Compilation events (20 events):
Event: 3.361 Thread 0x0000018e525d14f0 2618       3       java.lang.WeakPairMap$Pair::equals (34 bytes)
Event: 3.362 Thread 0x0000018e525d14f0 nmethod 2618 0x0000018e00538f90 code [0x0000018e00539160, 0x0000018e005394d8]
Event: 3.387 Thread 0x0000018e52038a90 2619       3       sun.reflect.annotation.AnnotationParser::parseArray (220 bytes)
Event: 3.388 Thread 0x0000018e52038a90 nmethod 2619 0x0000018e00539610 code [0x0000018e00539980, 0x0000018e0053a878]
Event: 3.390 Thread 0x0000018e52158bb0 2620       3       java.lang.Class::getDeclaredConstructors (27 bytes)
Event: 3.391 Thread 0x0000018e52158bb0 nmethod 2620 0x0000018e0053ac90 code [0x0000018e0053ae80, 0x0000018e0053b198]
Event: 3.412 Thread 0x0000018e52038a90 2621       3       java.util.LinkedList::node (65 bytes)
Event: 3.412 Thread 0x0000018e52038a90 nmethod 2621 0x0000018e0053b310 code [0x0000018e0053b4c0, 0x0000018e0053b798]
Event: 3.441 Thread 0x0000018e521585e0 2623       3       java.lang.invoke.MethodHandles$Lookup::getDirectMethodNoSecurityManager (18 bytes)
Event: 3.441 Thread 0x0000018e52158bb0 2624       3       java.lang.invoke.Invokers::checkCustomized (23 bytes)
Event: 3.441 Thread 0x0000018e521585e0 nmethod 2623 0x0000018e0053b910 code [0x0000018e0053bac0, 0x0000018e0053bc08]
Event: 3.442 Thread 0x0000018e52158bb0 nmethod 2624 0x0000018e0053bd10 code [0x0000018e0053bec0, 0x0000018e0053c088]
Event: 3.445 Thread 0x0000018e521585e0 2625       3       java.util.concurrent.atomic.AtomicInteger::incrementAndGet (14 bytes)
Event: 3.445 Thread 0x0000018e521585e0 nmethod 2625 0x0000018e0053c190 code [0x0000018e0053c320, 0x0000018e0053c438]
Event: 3.463 Thread 0x0000018e521585e0 2628       3       jdk.internal.org.objectweb.asm.MethodWriter::addSuccessorToCurrentBasicBlock (24 bytes)
Event: 3.464 Thread 0x0000018e521585e0 nmethod 2628 0x0000018e0053c510 code [0x0000018e0053c6c0, 0x0000018e0053ca18]
Event: 3.469 Thread 0x0000018e521585e0 2630       3       jdk.internal.reflect.Reflection::filter (163 bytes)
Event: 3.470 Thread 0x0000018e521585e0 nmethod 2630 0x0000018e0053cb90 code [0x0000018e0053ce20, 0x0000018e0053dba8]
Event: 3.549 Thread 0x0000018e52038a90 2631       3       java.util.concurrent.locks.AbstractQueuedSynchronizer::signalNext (34 bytes)
Event: 3.550 Thread 0x0000018e52038a90 nmethod 2631 0x0000018e0053df90 code [0x0000018e0053e160, 0x0000018e0053e418]

GC Heap History (4 events):
Event: 0.741 GC heap before
{Heap before GC invocations=0 (full 0):
 garbage-first heap   total 225280K, used 26624K [0x0000000080000000, 0x0000000100000000)
  region size 1024K, 23 young (23552K), 0 survivors (0K)
 Metaspace       used 2805K, committed 2944K, reserved 1114112K
  class space    used 330K, committed 384K, reserved 1048576K
}
Event: 0.747 GC heap after
{Heap after GC invocations=1 (full 0):
 garbage-first heap   total 225280K, used 10587K [0x0000000080000000, 0x0000000100000000)
  region size 1024K, 3 young (3072K), 3 survivors (3072K)
 Metaspace       used 2805K, committed 2944K, reserved 1114112K
  class space    used 330K, committed 384K, reserved 1048576K
}
Event: 1.016 GC heap before
{Heap before GC invocations=1 (full 0):
 garbage-first heap   total 225280K, used 37211K [0x0000000080000000, 0x0000000100000000)
  region size 1024K, 29 young (29696K), 3 survivors (3072K)
 Metaspace       used 4092K, committed 4288K, reserved 1114112K
  class space    used 495K, committed 576K, reserved 1048576K
}
Event: 1.019 GC heap after
{Heap after GC invocations=2 (full 0):
 garbage-first heap   total 225280K, used 11591K [0x0000000080000000, 0x0000000100000000)
  region size 1024K, 1 young (1024K), 1 survivors (1024K)
 Metaspace       used 4092K, committed 4288K, reserved 1114112K
  class space    used 495K, committed 576K, reserved 1048576K
}

Dll operation events (15 events):
Event: 0.016 Loaded shared library D:\DevTools\jdk-17\bin\java.dll
Event: 0.035 Loaded shared library D:\DevTools\jdk-17\bin\jsvml.dll
Event: 0.106 Loaded shared library D:\DevTools\jdk-17\bin\zip.dll
Event: 0.114 Loaded shared library D:\DevTools\jdk-17\bin\instrument.dll
Event: 0.121 Loaded shared library D:\DevTools\jdk-17\bin\net.dll
Event: 0.125 Loaded shared library D:\DevTools\jdk-17\bin\nio.dll
Event: 0.130 Loaded shared library D:\DevTools\jdk-17\bin\zip.dll
Event: 0.319 Loaded shared library D:\DevTools\jdk-17\bin\jimage.dll
Event: 0.415 Loaded shared library D:\DevTools\jdk-17\bin\verify.dll
Event: 0.669 Loaded shared library D:\DevTools\gradle-home\native\c067742578af261105cb4f569cf0c3c89f3d7b1fecec35dd04571415982c5e48\windows-amd64\native-platform.dll
Event: 0.678 Loaded shared library D:\DevTools\gradle-home\native\38dada09dfb8b06ba9b0570ebf7e218e3eb74d4ef43ca46872605cf95ebc2f47\windows-amd64\native-platform-file-events.dll
Event: 1.412 Loaded shared library D:\DevTools\jdk-17\bin\management.dll
Event: 1.418 Loaded shared library D:\DevTools\jdk-17\bin\management_ext.dll
Event: 1.713 Loaded shared library D:\DevTools\jdk-17\bin\extnet.dll
Event: 2.281 Loaded shared library D:\DevTools\jdk-17\bin\sunmscapi.dll

Deoptimization events (20 events):
Event: 2.954 Thread 0x0000018e57c1bc20 Uncommon trap: trap_request=0xffffff45 fr.pc=0x0000018e07bc5338 relative=0x00000000000009d8
Event: 2.954 Thread 0x0000018e57c1bc20 Uncommon trap: reason=unstable_if action=reinterpret pc=0x0000018e07bc5338 method=java.io.WinNTFileSystem.resolve(Ljava/lang/String;Ljava/lang/String;)Ljava/lang/String; @ 19 c2
Event: 2.954 Thread 0x0000018e57c1bc20 DEOPT PACKING pc=0x0000018e07bc5338 sp=0x0000005dcf2fb940
Event: 2.954 Thread 0x0000018e57c1bc20 DEOPT UNPACKING pc=0x0000018e074a69a3 sp=0x0000005dcf2fb8f8 mode 2
Event: 2.956 Thread 0x0000018e57c1bc20 Uncommon trap: trap_request=0xffffff45 fr.pc=0x0000018e07c22da0 relative=0x00000000000005e0
Event: 2.956 Thread 0x0000018e57c1bc20 Uncommon trap: reason=unstable_if action=reinterpret pc=0x0000018e07c22da0 method=java.io.File.getName()Ljava/lang/String; @ 16 c2
Event: 2.956 Thread 0x0000018e57c1bc20 DEOPT PACKING pc=0x0000018e07c22da0 sp=0x0000005dcf2fb8f0
Event: 2.956 Thread 0x0000018e57c1bc20 DEOPT UNPACKING pc=0x0000018e074a69a3 sp=0x0000005dcf2fb8c0 mode 2
Event: 2.966 Thread 0x0000018e57c1bc20 DEOPT PACKING pc=0x0000018e00403bca sp=0x0000005dcf2fa7f0
Event: 2.966 Thread 0x0000018e57c1bc20 DEOPT UNPACKING pc=0x0000018e074a7143 sp=0x0000005dcf2f9d00 mode 0
Event: 3.044 Thread 0x0000018e57c1bc20 Uncommon trap: trap_request=0xffffff45 fr.pc=0x0000018e07c4d15c relative=0x000000000000071c
Event: 3.044 Thread 0x0000018e57c1bc20 Uncommon trap: reason=unstable_if action=reinterpret pc=0x0000018e07c4d15c method=java.util.ArrayList.grow(I)[Ljava/lang/Object; @ 17 c2
Event: 3.044 Thread 0x0000018e57c1bc20 DEOPT PACKING pc=0x0000018e07c4d15c sp=0x0000005dcf2fd2b0
Event: 3.044 Thread 0x0000018e57c1bc20 DEOPT UNPACKING pc=0x0000018e074a69a3 sp=0x0000005dcf2fd148 mode 2
Event: 3.190 Thread 0x0000018e57c1bc20 DEOPT PACKING pc=0x0000018e00403ba9 sp=0x0000005dcf2f89f0
Event: 3.190 Thread 0x0000018e57c1bc20 DEOPT UNPACKING pc=0x0000018e074a7143 sp=0x0000005dcf2f7f00 mode 0
Event: 3.216 Thread 0x0000018e57c1bc20 DEOPT PACKING pc=0x0000018e004036d0 sp=0x0000005dcf2f8840
Event: 3.216 Thread 0x0000018e57c1bc20 DEOPT UNPACKING pc=0x0000018e074a7143 sp=0x0000005dcf2f7d40 mode 0
Event: 3.225 Thread 0x0000018e57c1bc20 DEOPT PACKING pc=0x0000018e00403bca sp=0x0000005dcf2fa650
Event: 3.225 Thread 0x0000018e57c1bc20 DEOPT UNPACKING pc=0x0000018e074a7143 sp=0x0000005dcf2f9b60 mode 0

Classes loaded (20 events):
Event: 3.125 Loading class java/io/UnsupportedEncodingException
Event: 3.125 Loading class java/io/UnsupportedEncodingException done
Event: 3.125 Loading class java/nio/charset/CharacterCodingException
Event: 3.125 Loading class java/nio/charset/CharacterCodingException done
Event: 3.168 Loading class java/util/function/LongFunction
Event: 3.168 Loading class java/util/function/LongFunction done
Event: 3.195 Loading class java/security/InvalidKeyException
Event: 3.195 Loading class java/security/KeyException
Event: 3.195 Loading class java/security/KeyException done
Event: 3.195 Loading class java/security/InvalidKeyException done
Event: 3.425 Loading class javax/xml/parsers/ParserConfigurationException
Event: 3.426 Loading class javax/xml/parsers/ParserConfigurationException done
Event: 3.426 Loading class org/xml/sax/SAXException
Event: 3.426 Loading class org/xml/sax/SAXException done
Event: 3.427 Loading class javax/xml/xpath/XPathExpressionException
Event: 3.427 Loading class javax/xml/xpath/XPathException
Event: 3.428 Loading class javax/xml/xpath/XPathException done
Event: 3.428 Loading class javax/xml/xpath/XPathExpressionException done
Event: 3.428 Loading class org/xml/sax/ErrorHandler
Event: 3.428 Loading class org/xml/sax/ErrorHandler done

Classes unloaded (0 events):
No events

Classes redefined (0 events):
No events

Internal exceptions (20 events):
Event: 2.709 Thread 0x0000018e57c1bc20 Exception <a 'java/lang/NoSuchMethodError'{0x0000000089fafe80}: 'void java.lang.invoke.DelegatingMethodHandle$Holder.reinvoke_L(java.lang.Object, java.lang.Object, java.lang.Object, java.lang.Object, java.lang.Object, java.lang.Object, java.lang.Object, java.lang.Object, java.lang.Object, java.lang.Object)'> (0x0000000089fafe80) 
thrown [s\src\hotspot\share\interpreter\linkResolver.cpp, line 759]
Event: 2.710 Thread 0x0000018e57c1bc20 Exception <a 'java/lang/NoSuchMethodError'{0x0000000089fb82f0}: 'java.lang.Object java.lang.invoke.DirectMethodHandle$Holder.invokeSpecial(java.lang.Object, java.lang.Object, java.lang.Object, java.lang.Object, java.lang.Object, java.lang.Object, java.lang.Object, java.lang.Object, java.lang.Object, java.lang.Object)'> (0x0000000089fb82f0) 
thrown [s\src\hotspot\share\interpreter\linkResolver.cpp, line 759]
Event: 2.710 Thread 0x0000018e57c1bc20 Exception <a 'java/lang/NoSuchMethodError'{0x0000000089fbcbc0}: 'java.lang.Object java.lang.invoke.Invokers$Holder.invoker(java.lang.Object, java.lang.Object, java.lang.Object, java.lang.Object, java.lang.Object, java.lang.Object, java.lang.Object, java.lang.Object, java.lang.Object, java.lang.Object)'> (0x0000000089fbcbc0) 
thrown [s\src\hotspot\share\interpreter\linkResolver.cpp, line 759]
Event: 2.711 Thread 0x0000018e57c1bc20 Exception <a 'java/lang/NoSuchMethodError'{0x0000000089fc2748}: 'java.lang.Object java.lang.invoke.DirectMethodHandle$Holder.invokeSpecial(java.lang.Object, java.lang.Object, java.lang.Object, java.lang.Object, java.lang.Object, java.lang.Object, java.lang.Object, java.lang.Object, java.lang.Object, java.lang.Object, java.lang.Object)'> (0x0000000089fc2748) 
thrown [s\src\hotspot\share\interpreter\linkResolver.cpp, line 759]
Event: 2.849 Thread 0x0000018e57c1bc20 Exception <a 'java/lang/NoSuchMethodError'{0x000000008998f7e0}: 'void java.lang.invoke.DirectMethodHandle$Holder.invokeStaticInit(java.lang.Object)'> (0x000000008998f7e0) 
thrown [s\src\hotspot\share\interpreter\linkResolver.cpp, line 759]
Event: 2.864 Thread 0x0000018e57c1bc20 Exception <a 'java/lang/NoSuchMethodError'{0x0000000089843960}: 'java.lang.Object java.lang.invoke.DirectMethodHandle$Holder.newInvokeSpecial(java.lang.Object, java.lang.Object, java.lang.Object, int)'> (0x0000000089843960) 
thrown [s\src\hotspot\share\interpreter\linkResolver.cpp, line 759]
Event: 2.865 Thread 0x0000018e57c1bc20 Exception <a 'java/lang/NoSuchMethodError'{0x0000000089848290}: 'java.lang.Object java.lang.invoke.DirectMethodHandle$Holder.invokeSpecial(java.lang.Object, java.lang.Object, java.lang.Object, java.lang.Object, int)'> (0x0000000089848290) 
thrown [s\src\hotspot\share\interpreter\linkResolver.cpp, line 759]
Event: 2.865 Thread 0x0000018e57c1bc20 Exception <a 'java/lang/NoSuchMethodError'{0x000000008984c3a8}: 'java.lang.Object java.lang.invoke.Invokers$Holder.linkToTargetMethod(java.lang.Object, java.lang.Object, int, java.lang.Object)'> (0x000000008984c3a8) 
thrown [s\src\hotspot\share\interpreter\linkResolver.cpp, line 759]
Event: 2.974 Thread 0x0000018e57c1bc20 Exception <a 'java/lang/NoSuchMethodError'{0x00000000893d87c8}: 'int java.lang.invoke.DirectMethodHandle$Holder.invokeVirtual(java.lang.Object, java.lang.Object, java.lang.Object)'> (0x00000000893d87c8) 
thrown [s\src\hotspot\share\interpreter\linkResolver.cpp, line 759]
Event: 2.991 Thread 0x0000018e57c1bc20 Exception <a 'java/lang/NoSuchMethodError'{0x00000000892e05e8}: 'int java.lang.invoke.DirectMethodHandle$Holder.invokeSpecialIFC(java.lang.Object, java.lang.Object, java.lang.Object, java.lang.Object)'> (0x00000000892e05e8) 
thrown [s\src\hotspot\share\interpreter\linkResolver.cpp, line 759]
Event: 2.992 Thread 0x0000018e57c1bc20 Exception <a 'java/lang/NoSuchMethodError'{0x00000000892ef428}: 'java.lang.Object java.lang.invoke.DirectMethodHandle$Holder.invokeInterface(java.lang.Object, java.lang.Object, java.lang.Object)'> (0x00000000892ef428) 
thrown [s\src\hotspot\share\interpreter\linkResolver.cpp, line 759]
Event: 2.993 Thread 0x0000018e57c1bc20 Exception <a 'java/lang/IncompatibleClassChangeError'{0x00000000892f3040}: Found class java.lang.Object, but interface was expected> (0x00000000892f3040) 
thrown [s\src\hotspot\share\interpreter\linkResolver.cpp, line 826]
Event: 3.026 Thread 0x0000018e57c1bc20 Exception <a 'java/lang/NoSuchMethodError'{0x00000000890d04c8}: 'int java.lang.invoke.DirectMethodHandle$Holder.invokeStatic(java.lang.Object, java.lang.Object, java.lang.Object, java.lang.Object)'> (0x00000000890d04c8) 
thrown [s\src\hotspot\share\interpreter\linkResolver.cpp, line 759]
Event: 3.027 Thread 0x0000018e57c1bc20 Exception <a 'java/lang/NoSuchMethodError'{0x00000000890d40f0}: 'java.lang.Object java.lang.invoke.Invokers$Holder.invokeExact_MT(java.lang.Object, java.lang.Object, java.lang.Object, java.lang.Object, java.lang.Object, java.lang.Object)'> (0x00000000890d40f0) 
thrown [s\src\hotspot\share\interpreter\linkResolver.cpp, line 759]
Event: 3.078 Thread 0x0000018e57c1bc20 Exception <a 'java/lang/IncompatibleClassChangeError'{0x0000000088c032c8}: Found class java.lang.Object, but interface was expected> (0x0000000088c032c8) 
thrown [s\src\hotspot\share\interpreter\linkResolver.cpp, line 826]
Event: 3.123 Thread 0x0000018e57c1da80 Exception <a 'java/lang/NoSuchMethodError'{0x000000008ac12b88}: static Lorg/gradle/internal/build/event/types/DefaultOperationStartedProgressEvent;.<clinit>()V> (0x000000008ac12b88) 
thrown [s\src\hotspot\share\prims\jni.cpp, line 1112]
Event: 3.123 Thread 0x0000018e57c1da80 Exception <a 'java/lang/NoSuchMethodError'{0x000000008ac141c0}: static Lorg/gradle/internal/build/event/types/AbstractProgressEvent;.<clinit>()V> (0x000000008ac141c0) 
thrown [s\src\hotspot\share\prims\jni.cpp, line 1112]
Event: 3.124 Thread 0x0000018e57c1da80 Exception <a 'java/lang/NoSuchMethodError'{0x000000008ac1cf28}: static Lorg/gradle/internal/build/event/types/DefaultOperationDescriptor;.<clinit>()V> (0x000000008ac1cf28) 
thrown [s\src\hotspot\share\prims\jni.cpp, line 1112]
Event: 3.126 Thread 0x0000018e57c1da80 Exception <a 'java/lang/NoSuchMethodError'{0x000000008ac327c8}: static Lorg/gradle/internal/operations/OperationIdentifier;.<clinit>()V> (0x000000008ac327c8) 
thrown [s\src\hotspot\share\prims\jni.cpp, line 1112]
Event: 3.467 Thread 0x0000018e57c1bc20 Exception <a 'java/lang/NoSuchMethodError'{0x00000000877c0730}: 'java.lang.Object java.lang.invoke.DirectMethodHandle$Holder.invokeVirtual(java.lang.Object, java.lang.Object, java.lang.Object, java.lang.Object)'> (0x00000000877c0730) 
thrown [s\src\hotspot\share\interpreter\linkResolver.cpp, line 759]

VM Operations (20 events):
Event: 1.506 Executing VM operation: HandshakeAllThreads
Event: 1.506 Executing VM operation: HandshakeAllThreads done
Event: 1.578 Executing VM operation: HandshakeAllThreads
Event: 1.578 Executing VM operation: HandshakeAllThreads done
Event: 1.686 Executing VM operation: HandshakeAllThreads
Event: 1.686 Executing VM operation: HandshakeAllThreads done
Event: 2.177 Executing VM operation: HandshakeAllThreads
Event: 2.177 Executing VM operation: HandshakeAllThreads done
Event: 2.177 Executing VM operation: Cleanup
Event: 2.177 Executing VM operation: Cleanup done
Event: 2.255 Executing VM operation: HandshakeAllThreads
Event: 2.255 Executing VM operation: HandshakeAllThreads done
Event: 2.683 Executing VM operation: HandshakeAllThreads
Event: 2.683 Executing VM operation: HandshakeAllThreads done
Event: 2.905 Executing VM operation: ICBufferFull
Event: 2.905 Executing VM operation: ICBufferFull done
Event: 3.065 Executing VM operation: HandshakeAllThreads
Event: 3.065 Executing VM operation: HandshakeAllThreads done
Event: 3.065 Executing VM operation: HandshakeAllThreads
Event: 3.065 Executing VM operation: HandshakeAllThreads done

Memory protections (0 events):
No events

Nmethod flushes (0 events):
No events

Events (20 events):
Event: 0.328 Thread 0x0000018e52158bb0 Thread added: 0x0000018e526170c0
Event: 0.768 Thread 0x0000018e52038a90 Thread added: 0x0000018e525d14f0
Event: 1.481 Thread 0x0000018e71e9c720 Thread added: 0x0000018e57ea0df0
Event: 1.807 Thread 0x0000018e526170c0 Thread exited: 0x0000018e526170c0
Event: 1.964 Thread 0x0000018e5219a970 Thread exited: 0x0000018e5219a970
Event: 2.143 Thread 0x0000018e71e9c720 Thread added: 0x0000018e57757ff0
Event: 2.175 Thread 0x0000018e521585e0 Thread added: 0x0000018e587fc080
Event: 2.220 Thread 0x0000018e71e9c720 Thread added: 0x0000018e57e19ec0
Event: 2.318 Thread 0x0000018e57757ff0 Thread added: 0x0000018e575947a0
Event: 2.321 Thread 0x0000018e575947a0 Thread added: 0x0000018e58ec78f0
Event: 2.393 Thread 0x0000018e575947a0 Thread added: 0x0000018e57c1d570
Event: 2.402 Thread 0x0000018e575947a0 Thread added: 0x0000018e57c1bc20
Event: 2.412 Thread 0x0000018e57c1bc20 Thread added: 0x0000018e57c1cb50
Event: 2.416 Thread 0x0000018e57c1bc20 Thread added: 0x0000018e57c1b200
Event: 2.421 Thread 0x0000018e57c1bc20 Thread added: 0x0000018e57c1da80
Event: 2.863 Thread 0x0000018e57c1bc20 Thread added: 0x0000018e57c1b710
Event: 2.875 Thread 0x0000018e57c1bc20 Thread added: 0x0000018e57c1c640
Event: 2.920 Thread 0x0000018e57c1bc20 Thread added: 0x0000018e57c1df90
Event: 2.929 Thread 0x0000018e587fc080 Thread exited: 0x0000018e587fc080
Event: 3.123 Thread 0x0000018e52038a90 Thread added: 0x0000018e580ed100


Dynamic libraries:
0x00007ff66a5d0000 - 0x00007ff66a5de000 	D:\DevTools\jdk-17\bin\java.exe
0x00007fffb1700000 - 0x00007fffb1967000 	C:\WINDOWS\SYSTEM32\ntdll.dll
0x00007fffb0bc0000 - 0x00007fffb0c89000 	C:\WINDOWS\System32\KERNEL32.DLL
0x00007fffae400000 - 0x00007fffae7f4000 	C:\WINDOWS\System32\KERNELBASE.dll
0x00007fffadfd0000 - 0x00007fffae11b000 	C:\WINDOWS\System32\ucrtbase.dll
0x00007fff85fd0000 - 0x00007fff85fe8000 	D:\DevTools\jdk-17\bin\jli.dll
0x00007fff857a0000 - 0x00007fff857be000 	D:\DevTools\jdk-17\bin\VCRUNTIME140.dll
0x00007fffb1200000 - 0x00007fffb13c5000 	C:\WINDOWS\System32\USER32.dll
0x00007fff9a920000 - 0x00007fff9abb3000 	C:\WINDOWS\WinSxS\amd64_microsoft.windows.common-controls_6595b64144ccf1df_6.0.26100.8115_none_3e075c82e3354f9c\COMCTL32.dll
0x00007fffae270000 - 0x00007fffae297000 	C:\WINDOWS\System32\win32u.dll
0x00007fffb0d10000 - 0x00007fffb0db9000 	C:\WINDOWS\System32\msvcrt.dll
0x00007fffb1600000 - 0x00007fffb162b000 	C:\WINDOWS\System32\GDI32.dll
0x00007fffaf360000 - 0x00007fffaf48b000 	C:\WINDOWS\System32\gdi32full.dll
0x00007fffae2a0000 - 0x00007fffae343000 	C:\WINDOWS\System32\msvcp_win.dll
0x00007fffb13d0000 - 0x00007fffb1402000 	C:\WINDOWS\System32\IMM32.DLL
0x00007fff8b720000 - 0x00007fff8b72c000 	D:\DevTools\jdk-17\bin\vcruntime140_1.dll
0x00007fff81a60000 - 0x00007fff81aed000 	D:\DevTools\jdk-17\bin\msvcp140.dll
0x00007ffe81e70000 - 0x00007ffe82adc000 	D:\DevTools\jdk-17\bin\server\jvm.dll
0x00007fffb1020000 - 0x00007fffb10d6000 	C:\WINDOWS\System32\ADVAPI32.dll
0x00007fffafa50000 - 0x00007fffafaf7000 	C:\WINDOWS\System32\sechost.dll
0x00007fffaf4a0000 - 0x00007fffaf5b8000 	C:\WINDOWS\System32\RPCRT4.dll
0x00007fffb1630000 - 0x00007fffb16b0000 	C:\WINDOWS\System32\WS2_32.dll
0x00007fffade30000 - 0x00007fffade8e000 	C:\WINDOWS\SYSTEM32\POWRPROF.dll
0x00007fffa6fd0000 - 0x00007fffa6fdb000 	C:\WINDOWS\SYSTEM32\VERSION.dll
0x00007fffa5be0000 - 0x00007fffa5c16000 	C:\WINDOWS\SYSTEM32\WINMM.dll
0x00007fffade10000 - 0x00007fffade24000 	C:\WINDOWS\SYSTEM32\UMPDC.dll
0x00007fffacd60000 - 0x00007fffacd7b000 	C:\WINDOWS\SYSTEM32\kernel.appcore.dll
0x00007fff8b400000 - 0x00007fff8b40a000 	D:\DevTools\jdk-17\bin\jimage.dll
0x00007fffac140000 - 0x00007fffac382000 	C:\WINDOWS\SYSTEM32\DBGHELP.DLL
0x00007fffafc80000 - 0x00007fffb0002000 	C:\WINDOWS\System32\combase.dll
0x00007fffafb00000 - 0x00007fffafbd8000 	C:\WINDOWS\System32\OLEAUT32.dll
0x00007fff8e590000 - 0x00007fff8e5cb000 	C:\WINDOWS\SYSTEM32\dbgcore.DLL
0x00007fffae350000 - 0x00007fffae3f5000 	C:\WINDOWS\System32\bcryptPrimitives.dll
0x00007fff8aca0000 - 0x00007fff8acae000 	D:\DevTools\jdk-17\bin\instrument.dll
0x00007fff836d0000 - 0x00007fff836f5000 	D:\DevTools\jdk-17\bin\java.dll
0x00007fff61b30000 - 0x00007fff61c07000 	D:\DevTools\jdk-17\bin\jsvml.dll
0x00007fffb0340000 - 0x00007fffb0aa7000 	C:\WINDOWS\System32\SHELL32.dll
0x00007fffae800000 - 0x00007fffae96a000 	C:\WINDOWS\System32\wintypes.dll
0x00007fffae970000 - 0x00007fffaf1d8000 	C:\WINDOWS\System32\windows.storage.dll
0x00007fffb0010000 - 0x00007fffb0108000 	C:\WINDOWS\System32\SHCORE.dll
0x00007fffafc10000 - 0x00007fffafc76000 	C:\WINDOWS\System32\shlwapi.dll
0x00007fffadef0000 - 0x00007fffadf19000 	C:\WINDOWS\SYSTEM32\profapi.dll
0x00007fff84d40000 - 0x00007fff84d58000 	D:\DevTools\jdk-17\bin\zip.dll
0x00007fff83020000 - 0x00007fff8303a000 	D:\DevTools\jdk-17\bin\net.dll
0x00007fffa6cd0000 - 0x00007fffa6dfd000 	C:\WINDOWS\SYSTEM32\WINHTTP.dll
0x00007fffad2d0000 - 0x00007fffad33c000 	C:\WINDOWS\system32\mswsock.dll
0x00007fff83000000 - 0x00007fff83016000 	D:\DevTools\jdk-17\bin\nio.dll
0x00007fff8ac30000 - 0x00007fff8ac40000 	D:\DevTools\jdk-17\bin\verify.dll
0x00007fff86150000 - 0x00007fff86177000 	D:\DevTools\gradle-home\native\c067742578af261105cb4f569cf0c3c89f3d7b1fecec35dd04571415982c5e48\windows-amd64\native-platform.dll
0x00007fff70230000 - 0x00007fff70374000 	D:\DevTools\gradle-home\native\38dada09dfb8b06ba9b0570ebf7e218e3eb74d4ef43ca46872605cf95ebc2f47\windows-amd64\native-platform-file-events.dll
0x00007fff8a290000 - 0x00007fff8a29a000 	D:\DevTools\jdk-17\bin\management.dll
0x00007fff892e0000 - 0x00007fff892ec000 	D:\DevTools\jdk-17\bin\management_ext.dll
0x00007fffaf490000 - 0x00007fffaf498000 	C:\WINDOWS\System32\PSAPI.DLL
0x00007fffad5b0000 - 0x00007fffad5cb000 	C:\WINDOWS\SYSTEM32\CRYPTSP.dll
0x00007fffaccc0000 - 0x00007fffaccf9000 	C:\WINDOWS\system32\rsaenh.dll
0x00007fffad380000 - 0x00007fffad3b3000 	C:\WINDOWS\SYSTEM32\USERENV.dll
0x00007fffadec0000 - 0x00007fffadeea000 	C:\WINDOWS\SYSTEM32\bcrypt.dll
0x00007fffad5d0000 - 0x00007fffad5dc000 	C:\WINDOWS\SYSTEM32\CRYPTBASE.dll
0x00007fffac7d0000 - 0x00007fffac802000 	C:\WINDOWS\SYSTEM32\IPHLPAPI.DLL
0x00007fffb0ab0000 - 0x00007fffb0aba000 	C:\WINDOWS\System32\NSI.dll
0x00007fffa7570000 - 0x00007fffa758d000 	C:\WINDOWS\SYSTEM32\dhcpcsvc6.DLL
0x00007fffa7410000 - 0x00007fffa7435000 	C:\WINDOWS\SYSTEM32\dhcpcsvc.DLL
0x00007fffac8b0000 - 0x00007fffac9e2000 	C:\WINDOWS\SYSTEM32\DNSAPI.dll
0x00007fff86a90000 - 0x00007fff86a99000 	D:\DevTools\jdk-17\bin\extnet.dll
0x00007fff86060000 - 0x00007fff8606e000 	D:\DevTools\jdk-17\bin\sunmscapi.dll
0x00007fffaf1e0000 - 0x00007fffaf357000 	C:\WINDOWS\System32\CRYPT32.dll
0x00007fffad7d0000 - 0x00007fffad800000 	C:\WINDOWS\SYSTEM32\ncrypt.dll
0x00007fffad780000 - 0x00007fffad7bf000 	C:\WINDOWS\SYSTEM32\NTASN1.dll
0x00007fff8db80000 - 0x00007fff8db88000 	C:\WINDOWS\system32\wshunix.dll

dbghelp: loaded successfully - version: 4.0.5 - missing functions: none
symbol engine: initialized successfully - sym options: 0x614 - pdb path: .;D:\DevTools\jdk-17\bin;C:\WINDOWS\SYSTEM32;C:\WINDOWS\WinSxS\amd64_microsoft.windows.common-controls_6595b64144ccf1df_6.0.26100.8115_none_3e075c82e3354f9c;D:\DevTools\jdk-17\bin\server;D:\DevTools\gradle-home\native\c067742578af261105cb4f569cf0c3c89f3d7b1fecec35dd04571415982c5e48\windows-amd64;D:\DevTools\gradle-home\native\38dada09dfb8b06ba9b0570ebf7e218e3eb74d4ef43ca46872605cf95ebc2f47\windows-amd64

VM Arguments:
jvm_args: --add-opens=java.base/java.util=ALL-UNNAMED --add-opens=java.base/java.lang=ALL-UNNAMED --add-opens=java.base/java.lang.invoke=ALL-UNNAMED --add-opens=java.prefs/java.util.prefs=ALL-UNNAMED --add-opens=java.base/java.nio.charset=ALL-UNNAMED --add-opens=java.base/java.net=ALL-UNNAMED --add-opens=java.base/java.util.concurrent.atomic=ALL-UNNAMED -Xmx2048m -Dfile.encoding=UTF-8 -Duser.country=CN -Duser.language=zh -Duser.variant -javaagent:D:\DevTools\gradle-home\wrapper\dists\gradle-8.7-bin\bhs2wmbdwecv87pi65oeuq5iu\gradle-8.7\lib\agents\gradle-instrumentation-agent-8.7.jar 
java_command: org.gradle.launcher.daemon.bootstrap.GradleDaemon 8.7
java_class_path (initial): D:\DevTools\gradle-home\wrapper\dists\gradle-8.7-bin\bhs2wmbdwecv87pi65oeuq5iu\gradle-8.7\lib\gradle-launcher-8.7.jar
Launcher Type: SUN_STANDARD

[Global flags]
     intx CICompilerCount                          = 12                                        {product} {ergonomic}
     uint ConcGCThreads                            = 3                                         {product} {ergonomic}
     uint G1ConcRefinementThreads                  = 13                                        {product} {ergonomic}
   size_t G1HeapRegionSize                         = 1048576                                   {product} {ergonomic}
    uintx GCDrainStackTargetSize                   = 64                                        {product} {ergonomic}
   size_t InitialHeapSize                          = 230686720                                 {product} {ergonomic}
   size_t MarkStackSize                            = 4194304                                   {product} {ergonomic}
   size_t MaxHeapSize                              = 2147483648                                {product} {command line}
   size_t MaxNewSize                               = 1287651328                                {product} {ergonomic}
   size_t MinHeapDeltaBytes                        = 1048576                                   {product} {ergonomic}
   size_t MinHeapSize                              = 8388608                                   {product} {ergonomic}
    uintx NonNMethodCodeHeapSize                   = 7602480                                {pd product} {ergonomic}
    uintx NonProfiledCodeHeapSize                  = 122027880                              {pd product} {ergonomic}
    uintx ProfiledCodeHeapSize                     = 122027880                              {pd product} {ergonomic}
    uintx ReservedCodeCacheSize                    = 251658240                              {pd product} {ergonomic}
     bool SegmentedCodeCache                       = true                                      {product} {ergonomic}
   size_t SoftMaxHeapSize                          = 2147483648                             {manageable} {ergonomic}
     bool UseCompressedClassPointers               = true                           {product lp64_product} {ergonomic}
     bool UseCompressedOops                        = true                           {product lp64_product} {ergonomic}
     bool UseG1GC                                  = true                                      {product} {ergonomic}
     bool UseLargePagesIndividualAllocation        = false                                  {pd product} {ergonomic}

Logging:
Log output configuration:
 #0: stdout all=warning uptime,level,tags
 #1: stderr all=off uptime,level,tags

Environment Variables:
JAVA_HOME=D:\DevTools\jdk-17
PATH=C:\WINDOWS\system32;C:\WINDOWS;C:\WINDOWS\System32\Wbem;C:\WINDOWS\System32\WindowsPowerShell\v1.0\;C:\WINDOWS\System32\OpenSSH\;C:\Program Files\Pandoc\;C:\Users\Wagon\AppData\Roaming\Microsoft\Windows\Start Menu\Programs\Python\Python 3.14;C:\Users\Wagon\AppData\Local\Python\pythoncore-3.14-64\Scripts;C:\Program Files\nodejs\;C:\Program Files\Git\cmd;C:\Program Files\GitHub CLI\;C:\Users\Wagon\AppData\Local\Microsoft\WindowsApps;C:\Users\Wagon\AppData\Local\Python\bin;C:\Users\Wagon\AppData\Local\Python\pythoncore-3.14-64\Script;D:\Microsoft VS Code\bin;C:\Users\Wagon\AppData\Roaming\npm;D:\DevTools\jdk-17\bin;D:\DevTools\gradle-8.7\bin;D:\Android\Sdk\cmdline-tools\latest\bin;D:\Android\Sdk\platform-tools
USERNAME=Wagon
SHELL=C:\WINDOWS\System32\WindowsPowerShell\v1.0\powershell.exe
OS=Windows_NT
PROCESSOR_IDENTIFIER=AMD64 Family 25 Model 68 Stepping 1, AuthenticAMD
TMP=C:\Users\Wagon\AppData\Local\Temp
TEMP=C:\Users\Wagon\AppData\Local\Temp



Periodic native trim disabled


---------------  S Y S T E M  ---------------

OS:
 Windows 11 , 64 bit Build 26100 (10.0.26100.8246)
OS uptime: 5 days 6:15 hours
Hyper-V role detected

CPU: total 16 (initial active 16) (16 cores per cpu, 2 threads per core) family 25 model 68 stepping 1 microcode 0xa404102, cx8, cmov, fxsr, ht, mmx, 3dnowpref, sse, sse2, sse3, ssse3, sse4a, sse4.1, sse4.2, popcnt, lzcnt, tsc, tscinvbit, avx, avx2, aes, clmul, bmi1, bmi2, adx, sha, fma, vzeroupper, clflush, clflushopt, hv
Processor Information for processor 0
  Max Mhz: 3201, Current Mhz: 3201, Mhz Limit: 3201
Processor Information for processor 1
  Max Mhz: 3201, Current Mhz: 3201, Mhz Limit: 3201
Processor Information for processor 2
  Max Mhz: 3201, Current Mhz: 3201, Mhz Limit: 3201
Processor Information for processor 3
  Max Mhz: 3201, Current Mhz: 3201, Mhz Limit: 3201
Processor Information for processor 4
  Max Mhz: 3201, Current Mhz: 3201, Mhz Limit: 3201
Processor Information for processor 5
  Max Mhz: 3201, Current Mhz: 2566, Mhz Limit: 3201
Processor Information for processor 6
  Max Mhz: 3201, Current Mhz: 3201, Mhz Limit: 3201
Processor Information for processor 7
  Max Mhz: 3201, Current Mhz: 3201, Mhz Limit: 3201
Processor Information for processor 8
  Max Mhz: 3201, Current Mhz: 2566, Mhz Limit: 3201
Processor Information for processor 9
  Max Mhz: 3201, Current Mhz: 3201, Mhz Limit: 3201
Processor Information for processor 10
  Max Mhz: 3201, Current Mhz: 3201, Mhz Limit: 3201
Processor Information for processor 11
  Max Mhz: 3201, Current Mhz: 2566, Mhz Limit: 3201
Processor Information for processor 12
  Max Mhz: 3201, Current Mhz: 3201, Mhz Limit: 3201
Processor Information for processor 13
  Max Mhz: 3201, Current Mhz: 2566, Mhz Limit: 3201
Processor Information for processor 14
  Max Mhz: 3201, Current Mhz: 2566, Mhz Limit: 3201
Processor Information for processor 15
  Max Mhz: 3201, Current Mhz: 3201, Mhz Limit: 3201

Memory: 4k page, system-wide physical 14020M (859M free)
TotalPageFile size 39621M (AvailPageFile size 13M)
current process WorkingSet (physical memory assigned to process): 233M, peak: 234M
current process commit charge ("private bytes"): 401M, peak: 402M

vm_info: OpenJDK 64-Bit Server VM (17.0.19+10) for windows-amd64 JRE (17.0.19+10), built on Apr 25 2026 08:04:44 by "admin" with MS VC++ 17.12 (VS2022)

END.
